=== Running Pimlico Integration Math Tests ===

Test 1: Verify UI Math (Deducting Gas Fee from Input Amount)
Γ£à UI Math passed. Input: $10.00, Fee: $0.30, Net to Contract: $9.70

Test 2: Verify Share Calculation uses Net Amount
Γ£à Share Calculation passed. Net Amount: $9.70 @ $0.40/share = 24.249999999999996 shares

Test 3: Verify batched transaction payload generation
